えろいｔｙうとうぃういえｙてｒちうえｒｙとｙｒとえつお３９４５０９８０９４えいｒ
とえつおえうとえるとうｔ

Thanks & Regards,
Sures
